Error: listen EADDRINUSE: address already in use :::5000
    at Server.setupListenHandle [as _listen2] (node:net:2009:16)
    at listenInCluster (node:net:2066:12)
    at Server.listen (node:net:2171:7)
    at app.listen (D:\Onedrive\Documents\DaNang-Digital-Map\backend\node_modules\express\lib\application.js:635:24)
    at Object.<anonymous> (D:\Onedrive\Documents\DaNang-Digital-Map\backend\src\index.ts:45:5)
    at Module._compile (node:internal/modules/cjs/loader:1871:14)
    at Module.m._compile (D:\Onedrive\Documents\DaNang-Digital-Map\backend\node_modules\ts-node\src\index.ts:1618:23)
    at node:internal/modules/cjs/loader:2002:10
    at Object.require.extensions.<computed> [as .ts] (D:\Onedrive\Documents\DaNang-Digital-Map\backend\node_modules\ts-node\src\index.ts:1621:12)
    at Module.load (node:internal/modules/cjs/loader:1594:32) {
  code: 'EADDRINUSE',
  errno: -4091,
  syscall: 'listen',
  address: '::',
  port: 5000
}
[PlaceSearchController] search error: PostgresError: op ANY/ALL (array) requires array on right side
    at ErrorResponse (D:\Onedrive\Documents\DaNang-Digital-Map\backend\node_modules\postgres\cjs\src\connection.js:815:30)
    at handle (D:\Onedrive\Documents\DaNang-Digital-Map\backend\node_modules\postgres\cjs\src\connection.js:489:6)
    at Socket.data (D:\Onedrive\Documents\DaNang-Digital-Map\backend\node_modules\postgres\cjs\src\connection.js:324:9)
    at Socket.emit (node:events:509:28)
    at Socket.emit (node:domain:489:12)
    at addChunk (node:internal/streams/readable:563:12)
    at readableAddChunkPushByteMode (node:internal/streams/readable:514:3)
    at Socket.Readable.push (node:internal/streams/readable:394:5)
    at TCP.onStreamRead (node:internal/stream_base_commons:189:23)
    at cachedError (D:\Onedrive\Documents\DaNang-Digital-Map\backend\node_modules\postgres\cjs\src\query.js:170:23)
    at new Query (D:\Onedrive\Documents\DaNang-Digital-Map\backend\node_modules\postgres\cjs\src\query.js:36:24)
    at sql (D:\Onedrive\Documents\DaNang-Digital-Map\backend\node_modules\postgres\cjs\src\index.js:112:11)
    at PoiSearchService.attachBusinessLogos (D:\Onedrive\Documents\DaNang-Digital-Map\backend\src\meilisearch\services\PoiSearchService.ts:94:71) {
  severity_local: 'ERROR',
  severity: 'ERROR',
  code: '42809',
  position: '152',
  file: 'parse_oper.c',
  line: '801',
  routine: 'make_scalar_array_op'
}
Error: listen EADDRINUSE: address already in use :::5000
    at Server.setupListenHandle [as _listen2] (node:net:2009:16)
    at listenInCluster (node:net:2066:12)
    at Server.listen (node:net:2171:7)
    at app.listen (D:\Onedrive\Documents\DaNang-Digital-Map\backend\node_modules\express\lib\application.js:635:24)
    at Object.<anonymous> (D:\Onedrive\Documents\DaNang-Digital-Map\backend\src\index.ts:45:5)
    at Module._compile (node:internal/modules/cjs/loader:1871:14)
    at Module.m._compile (D:\Onedrive\Documents\DaNang-Digital-Map\backend\node_modules\ts-node\src\index.ts:1618:23)
    at node:internal/modules/cjs/loader:2002:10
    at Object.require.extensions.<computed> [as .ts] (D:\Onedrive\Documents\DaNang-Digital-Map\backend\node_modules\ts-node\src\index.ts:1621:12)
    at Module.load (node:internal/modules/cjs/loader:1594:32) {
  code: 'EADDRINUSE',
  errno: -4091,
  syscall: 'listen',
  address: '::',
  port: 5000
}
