
> backend@1.0.0 dev
> nodemon --watch src --ext ts --exec "ts-node src/index.ts"

[33m[nodemon] 3.1.14[39m
[33m[nodemon] to restart at any time, enter `rs`[39m
[33m[nodemon] watching path(s): src\**\*[39m
[33m[nodemon] watching extensions: ts[39m
[32m[nodemon] starting `ts-node src/index.ts`[39m
[Server] Digital Map Platform backend listening at http://localhost:5000
[PlaceSearchController] query="" isCategory=false hasUserGps=false hasBounds=false gpsInsideViewport=false userLat=(none) userLng=(none) rule=NoGeo geoFilter=(none)
[SearchRuleService] Fetched pin count for "search_instant_business": 5
[PlaceSearchController] Empty query — limiting to pinCount=5 (original limit=5)
[PlaceSearchController] Meilisearch returned 5 item(s) (estimatedTotalHits=3451)
[PlaceSearchController] query="" isCategory=false hasUserGps=false hasBounds=false gpsInsideViewport=false userLat=(none) userLng=(none) rule=NoGeo geoFilter=(none)
[PlaceSearchController] Empty query — limiting to pinCount=5 (original limit=20)
[PlaceSearchController] Meilisearch returned 5 item(s) (estimatedTotalHits=3451)
[PlaceSearchController] query="" isCategory=false hasUserGps=false hasBounds=false gpsInsideViewport=false userLat=(none) userLng=(none) rule=NoGeo geoFilter=(none)
[PlaceSearchController] Empty query — limiting to pinCount=5 (original limit=20)
[PlaceSearchController] Meilisearch returned 5 item(s) (estimatedTotalHits=3451)
[PlaceSearchController] query="" isCategory=false hasUserGps=false hasBounds=false gpsInsideViewport=false userLat=(none) userLng=(none) rule=NoGeo geoFilter=(none)
[SearchRuleService] Fetched pin count for "search_instant_business": 5
[PlaceSearchController] Empty query — limiting to pinCount=5 (original limit=20)
[PlaceSearchController] Meilisearch returned 5 item(s) (estimatedTotalHits=3451)
[PlaceSearchController] query="" isCategory=false hasUserGps=false hasBounds=false gpsInsideViewport=false userLat=(none) userLng=(none) rule=NoGeo geoFilter=(none)
[PlaceSearchController] Empty query — limiting to pinCount=5 (original limit=20)
[PlaceSearchController] Meilisearch returned 5 item(s) (estimatedTotalHits=3451)
[PlaceSearchController] query="" isCategory=false hasUserGps=false hasBounds=false gpsInsideViewport=false userLat=(none) userLng=(none) rule=NoGeo geoFilter=(none)
[PlaceSearchController] Empty query — limiting to pinCount=5 (original limit=20)
[PlaceSearchController] Meilisearch returned 5 item(s) (estimatedTotalHits=3451)
[PlaceSearchController] query="" isCategory=false hasUserGps=false hasBounds=false gpsInsideViewport=false userLat=(none) userLng=(none) rule=NoGeo geoFilter=(none)
[PlaceSearchController] Empty query — limiting to pinCount=5 (original limit=20)
[PlaceSearchController] Meilisearch returned 5 item(s) (estimatedTotalHits=3451)
[PlaceSearchController] query="" isCategory=false hasUserGps=false hasBounds=false gpsInsideViewport=false userLat=(none) userLng=(none) rule=NoGeo geoFilter=(none)
[PlaceSearchController] Empty query — limiting to pinCount=5 (original limit=20)
[PlaceSearchController] Meilisearch returned 5 item(s) (estimatedTotalHits=3451)
[PlaceSearchController] query="" isCategory=false hasUserGps=false hasBounds=false gpsInsideViewport=false userLat=(none) userLng=(none) rule=NoGeo geoFilter=(none)
[PlaceSearchController] Empty query — limiting to pinCount=5 (original limit=20)
[PlaceSearchController] Meilisearch returned 5 item(s) (estimatedTotalHits=3451)
